exports[`<CardItem /> should render with default props 1`] = `
<div>
  <div>
    Hello World
  </div>
</div>
`;
