exports[`<Navbar /> should render with default props 1`] = `
<div>
  <Header
    align="center"
    direction="row"
    justify="between"
    pad={
      Object {
        "between": "small",
        "horizontal": "none",
        "vertical": "none"
      }
    }
    responsive={false}
    tag="header">
    <Title
      responsive={true}>
      <Link
        onlyActiveOnIndex={false}
        style={Object {}}
        to="/">
        <img
          alt="logo"
          src={Object {}} />
      </Link>
    </Title>
    <Menu
      align="center"
      closeOnClick={true}
      direction="row"
      dropAlign={
        Object {
          "left": "left",
          "top": "top"
        }
      }
      pad="none"
      responsive={false}>
      <Search
        align="left"
        dropAlign={
          Object {
            "right": "right"
          }
        }
        iconAlign="end"
        inline={false}
        responsive={true} />
      <IndexLink
        activeClassname="active"
        to="/">
        Home
      </IndexLink>
      <Link
        activeClassname="active"
        onlyActiveOnIndex={false}
        style={Object {}}
        to="login">
        Login
      </Link>
      <Link
        activeClassname="active"
        onlyActiveOnIndex={false}
        style={Object {}}
        to="signup">
        Signup
      </Link>
    </Menu>
  </Header>
</div>
`;
