exports[`<AuthFormFooter /> should render with default props 1`] = `
<Footer
  align="center"
  direction="row"
  justify="center"
  responsive={false}>
  <span>
    hello world
      
  </span>
  <Anchor
    href="http://github.com"
    tag="a">
    Ttp://github.com
  </Anchor>
</Footer>
`;
