exports[`<LoadingIndicator /> should render with default props 1`] = `
<Box
  align="center"
  announce={false}
  direction="column"
  focusable={true}
  justify="center"
  pad="none"
  responsive={true}
  tag="div">
  <Box
    align="center"
    announce={false}
    direction="column"
    focusable={true}
    justify="center"
    pad="none"
    responsive={true}
    tag="div">
    <Heading
      align="center"
      tag="h2">
      Loading
    </Heading>
    <Spinning />
  </Box>
</Box>
`;
